// Jest Snapshot v1, https://goo.gl/fbAQLP

exports[`React Swift Slider: Slide - Unit Test when NOT active should render Slide without active css properties 1`] = `
<li
  class="sc-bdfBwQ ecRqZV"
/>
`;

exports[`React Swift Slider: Slide - Unit Test when active should render Slide with active css properties 1`] = `
<li
  class="sc-bdfBwQ rGDLu"
/>
`;
